// Jest Snapshot v1, https://goo.gl/fbAQLP

exports[`App should be rendered correctly. 1`] = `
<div>
  <div
    class="fullscreen"
  >
    <h1
      class="title"
    >
      TEST 
      PAGE
    </h1>
  </div>
</div>
`;
